// Jest Snapshot v1, https://goo.gl/fbAQLP

exports[`UI/Content component snapshot renders 1`] = `
<div
  className="px-4 flex-grow"
/>
`;
