// Jest Snapshot v1, https://goo.gl/fbAQLP

exports[`UI/Tabs component snapshot renders 1`] = `
<ul
  className="list-reset flex border-b mb-4"
>
  <li
    className="-mb-px mr-1"
  >
    <div
      className="bg-white inline-block py-2 px-4 text-sm  cursor-pointer font-semibold text-gray-800 border-l border-t border-r rounded-t"
      onClick={[Function]}
    >
      tab name 1
    </div>
  </li>
  <li
    className="-mb-px mr-1"
  >
    <div
      className="bg-white inline-block py-2 px-4 text-sm  cursor-pointer text-gray-400 hover:text-gray-800"
      onClick={[Function]}
    >
      tab name 2
    </div>
  </li>
</ul>
`;
